[12-May-2026 05:15:49 UTC] PHP Deprecated:  mb_convert_encoding(): Handling HTML entities via mbstring is deprecated; use htmlspecialchars, htmlentities, or mb_encode_numericentity/mb_decode_numericentity instead in /home1/wedmate/public_html/wp-content/themes/divi-child/functions.php on line 1451
[12-May-2026 05:15:49 UTC] PHP Fatal error:  Uncaught ValueError: DOMDocument::loadHTML(): Argument #1 ($source) must not be empty in /home1/wedmate/public_html/wp-content/themes/divi-child/functions.php:1450
Stack trace:
#0 /home1/wedmate/public_html/wp-content/themes/divi-child/functions.php(1450): DOMDocument->loadHTML('', 8196)
#1 /home1/wedmate/public_html/wp-includes/class-wp-hook.php(341): wedmate_add_heading_ids('')
#2 /home1/wedmate/public_html/wp-includes/plugin.php(205): WP_Hook->apply_filters('', Array)
#3 /home1/wedmate/public_html/wp-includes/formatting.php(3992): apply_filters('the_content', '')
#4 /home1/wedmate/public_html/wp-includes/class-wp-hook.php(341): wp_trim_excerpt('', Object(WP_Post))
#5 /home1/wedmate/public_html/wp-includes/plugin.php(205): WP_Hook->apply_filters('', Array)
#6 /home1/wedmate/public_html/wp-includes/post-template.php(436): apply_filters('get_the_excerpt', '', Object(WP_Post))
#7 /home1/wedmate/public_html/wp-content/plugins/wordpress-seo/src/helpers/post-helper.php(83): get_the_excerpt(Object(WP_Post))
#8 /home1/wedmate/public_html/wp-content/plugins/wordpress-seo/src/presentations/indexable-post-type-presentation.php(196): Yoast\WP\SEO\Helpers\Post_Helper->get_the_excerpt(1116)
#9 /home1/wedmate/public_html/wp-content/plugins/wordpress-seo/src/presentations/abstract-presentation.php(66): Yoast\WP\SEO\Presentations\Indexable_Post_Type_Presentation->generate_open_graph_description()
#10 /home1/wedmate/public_html/wp-content/plugins/wordpress-seo/src/presenters/open-graph/description-presenter.php(33): Yoast\WP\SEO\Presentations\Abstract_Presentation->__get('open_graph_desc...')
#11 /home1/wedmate/public_html/wp-content/plugins/wordpress-seo/src/presenters/abstract-indexable-tag-presenter.php(37): Yoast\WP\SEO\Presenters\Open_Graph\Description_Presenter->get()
#12 /home1/wedmate/public_html/wp-content/plugins/wordpress-seo/src/integrations/front-end-integration.php(486): Yoast\WP\SEO\Presenters\Abstract_Indexable_Tag_Presenter->present()
#13 /home1/wedmate/public_html/wp-includes/class-wp-hook.php(341): Yoast\WP\SEO\Integrations\Front_End_Integration->present_head('')
#14 /home1/wedmate/public_html/wp-includes/class-wp-hook.php(365): WP_Hook->apply_filters(NULL, Array)
#15 /home1/wedmate/public_html/wp-includes/plugin.php(522): WP_Hook->do_action(Array)
#16 /home1/wedmate/public_html/wp-content/plugins/wordpress-seo/src/integrations/front-end-integration.php(457): do_action('wpseo_head')
#17 /home1/wedmate/public_html/wp-includes/class-wp-hook.php(341): Yoast\WP\SEO\Integrations\Front_End_Integration->call_wpseo_head('')
#18 /home1/wedmate/public_html/wp-includes/class-wp-hook.php(365): WP_Hook->apply_filters(NULL, Array)
#19 /home1/wedmate/public_html/wp-includes/plugin.php(522): WP_Hook->do_action(Array)
#20 /home1/wedmate/public_html/wp-includes/general-template.php(3197): do_action('wp_head')
#21 /home1/wedmate/public_html/wp-content/themes/Divi/includes/builder/frontend-builder/theme-builder/frontend-header-template.php(11): wp_head()
#22 /home1/wedmate/public_html/wp-content/themes/Divi/includes/builder/frontend-builder/theme-builder/frontend.php(216): require_once('/home1/wedmate/...')
#23 /home1/wedmate/public_html/wp-content/themes/Divi/includes/builder/frontend-builder/theme-builder/frontend.php(247): et_theme_builder_frontend_override_partial('header', '', 'wp_head')
#24 /home1/wedmate/public_html/wp-includes/class-wp-hook.php(343): et_theme_builder_frontend_override_header(NULL)
#25 /home1/wedmate/public_html/wp-includes/class-wp-hook.php(365): WP_Hook->apply_filters('', Array)
#26 /home1/wedmate/public_html/wp-includes/plugin.php(522): WP_Hook->do_action(Array)
#27 /home1/wedmate/public_html/wp-includes/general-template.php(38): do_action('get_header', NULL, Array)
#28 /home1/wedmate/public_html/wp-content/themes/Divi/includes/builder/frontend-builder/theme-builder/frontend-body-template.php(4): get_header()
#29 /home1/wedmate/public_html/wp-includes/template-loader.php(132): include('/home1/wedmate/...')
#30 /home1/wedmate/public_html/wp-blog-header.php(19): require_once('/home1/wedmate/...')
#31 /home1/wedmate/public_html/index.php(17): require('/home1/wedmate/...')
#32 {main}
  thrown in /home1/wedmate/public_html/wp-content/themes/divi-child/functions.php on line 1450
